{
  "components" : {
    "schemas" : {
      "test.io.smallrye.openapi.runtime.scanner.entities.IgnoreTestContainer" : {
        "type": "object",
        "properties" : {
          "aStringProperty" : {
            "type" : "string"
          },
          "anIntegerProperty" : {
            "format" : "int32",
            "type" : "integer"
          }
        }
      }
    }
  }
}
