{
  "components" : {
    "schemas" : {
      "test.io.smallrye.openapi.runtime.scanner.entities.JsonIgnoreOnFieldExample" : {
        "type": "object",
        "properties" : {
          "thisFieldShouldAppear" : {
            "type" : "string"
          }
        }
      }
    }
  }
}
