{
  "components" : {
    "schemas" : {
      "BuzzLinkedList" : {
        "type": "object",
        "properties" : {
          "next" : {
            "$ref" : "#/components/schemas/BuzzLinkedList"
          }
        }
      }
    }
  }
}
