{
  "components" : {
    "schemas" : {
      "FieldNameOverride" : {
        "type": "object",
        "required" : [
          "dasherized-name-required"
        ],
        "properties" : {
          "dasherized-name" : {
            "type" : "string"
          },
          "dasherized-name-required" : {
            "type" : "string"
          },
          "snake_case_name" : {
            "type" : "string"
          },
          "camelCaseNameCustom" : {
            "type" : "string"
          },
          "camelCaseNameDefault1" : {
            "type" : "string"
          },
          "camelCaseNameDefault2" : {
            "type" : "string"
          }
        }
      }
    }
  }
}
