{
  "components" : {
    "schemas" : {
      "test.io.smallrye.openapi.runtime.scanner.entities.GenericTypeTestContainer" : {
        "type": "object",
        "properties" : {
          "qAgain" : {
            "format" : "double",
            "type" : "number"
          },
          "qAgain3" : {
            "format" : "double",
            "type" : "number"
          },
          "qValue" : {
            "format" : "double",
            "description" : "Ah, Q, my favourite variable!",
            "type" : "number"
          },
          "tAgain2" : {
            "required" : [ "bar", "foo" ],
            "type" : "object",
            "properties" : {
              "bar" : {
              },
              "foo" : {
                "maxLength" : 123456,
                "type" : "object",
                "properties" : {
                  "qAgain" : {
                    "format" : "date",
                    "type" : "string",
                    "example": "2022-03-10"
                  },
                  "qAgain3" : {
                    "format" : "date",
                    "type" : "string",
                    "example": "2022-03-10"
                  },
                  "qValue" : {
                    "format" : "date",
                    "description" : "Ah, Q, my favourite variable!",
                    "type" : "string",
                    "example": "2022-03-10"
                  },
                  "tAgain2" : {
                    "type" : "string"
                  },
                  "tAgain4" : {
                    "type" : "string"
                  },
                  "tValue" : {
                    "type" : "string"
                  }
                }
              }
            }
          },
          "tAgain4" : {
            "required" : [ "bar", "foo" ],
            "type" : "object",
            "properties" : {
              "bar" : {
              },
              "foo" : {
                "maxLength" : 123456,
                "type" : "object",
                "properties" : {
                  "qAgain" : {
                    "format" : "date",
                    "type" : "string",
                    "example": "2022-03-10"
                  },
                  "qAgain3" : {
                    "format" : "date",
                    "type" : "string",
                    "example": "2022-03-10"
                  },
                  "qValue" : {
                    "format" : "date",
                    "description" : "Ah, Q, my favourite variable!",
                    "type" : "string",
                    "example": "2022-03-10"
                  },
                  "tAgain2" : {
                    "type" : "string"
                  },
                  "tAgain4" : {
                    "type" : "string"
                  },
                  "tValue" : {
                    "type" : "string"
                  }
                }
              }
            }
          },
          "tValue" : {
            "required" : [ "bar", "foo" ],
            "type" : "object",
            "properties" : {
              "bar" : {
              },
              "foo" : {
                "maxLength" : 123456,
                "type" : "object",
                "properties" : {
                  "qAgain" : {
                    "format" : "date",
                    "type" : "string",
                    "example": "2022-03-10"
                  },
                  "qAgain3" : {
                    "format" : "date",
                    "type" : "string",
                    "example": "2022-03-10"
                  },
                  "qValue" : {
                    "format" : "date",
                    "description" : "Ah, Q, my favourite variable!",
                    "type" : "string",
                    "example": "2022-03-10"
                  },
                  "tAgain2" : {
                    "type" : "string"
                  },
                  "tAgain4" : {
                    "type" : "string"
                  },
                  "tValue" : {
                    "type" : "string"
                  }
                }
              }
            }
          }
        }
      }
    }
  }
}
