{
  "components": {
    "schemas": {
      "Baz": {
        "type": "object",
        "properties": {
          "an_integer_value": {
            "format": "int32",
            "type": "integer"
          }
        }
      },
      "Bar": {
        "type": "object",
        "properties": {
          "theQ": {
          },
          "theT": {
            "$ref": "#/components/schemas/Baz"
          },
          "ultimateTShouldBeQ": {
          }
        }
      }
    }
  }
}
