{
  "components": {
    "schemas": {
      "KustomPairFuzzStringDateObject": {
        "required": [
          "bar",
          "foo"
        ],
        "type": "object",
        "properties": {
          "bar": {
          },
          "foo": {
            "type": "object",
            "maxLength": 123456,
            "allOf": [
              {
                "$ref": "#/components/schemas/FuzzStringDate"
              }
            ]
          }
        }
      },
      "FuzzStringDate": {
        "type": "object",
        "properties": {
          "qAgain": {
            "format": "date",
            "type": "string",
            "example": "2022-03-10"
          },
          "qAgain3": {
            "format": "date",
            "type": "string",
            "example": "2022-03-10"
          },
          "qValue": {
            "format": "date",
            "description": "Ah, Q, my favourite variable!",
            "type": "string",
            "example": "2022-03-10"
          },
          "tAgain2": {
            "type": "string"
          },
          "tAgain4": {
            "type": "string"
          },
          "tValue": {
            "type": "string"
          }
        }
      },
      "FuzzKustomPairFuzzStringDateObjectDouble": {
        "type": "object",
        "properties": {
          "qAgain": {
            "format": "double",
            "type": "number"
          },
          "qAgain3": {
            "format": "double",
            "type": "number"
          },
          "qValue": {
            "format": "double",
            "description": "Ah, Q, my favourite variable!",
            "type": "number"
          },
          "tAgain2": {
            "$ref": "#/components/schemas/KustomPairFuzzStringDateObject"
          },
          "tAgain4": {
            "$ref": "#/components/schemas/KustomPairFuzzStringDateObject"
          },
          "tValue": {
            "$ref": "#/components/schemas/KustomPairFuzzStringDateObject"
          }
        }
      }
    }
  }
}
