{
  "components" : {
    "schemas" : {
      "KustomPairExtendsIntegerSuperInteger" : {
        "type": "object",
        "required" : [ "bar", "foo" ],
        "properties" : {
          "bar" : {
          },
          "foo" : {
            "format" : "int32",
            "maxLength" : 123456,
            "type" : "integer"
          }
        }
      }
    }
  }
}
