{
  "components": {
    "schemas": {
      "test.io.smallrye.openapi.runtime.scanner.entities.SpecialCaseTestContainer": {
        "type": "array",
        "items": {
        }
      }
    }
  }
}
