{
  "components": {
    "schemas": {
      "test.io.smallrye.openapi.runtime.scanner.entities.Bar": {
        "type": "object",
        "properties": {
          "theQ": {
          },
          "theT": {
            "type": "object",
            "properties": {
              "an_integer_value": {
                "format": "int32",
                "type": "integer"
              }
            }
          },
          "ultimateTShouldBeQ": {
          }
        }
      }
    }
  }
}
